// Vitest Snapshot v1, https://vitest.dev/guide/snapshot.html

exports[`Modal.Progress > render with loading 1`] = `
<div>
  <div>
    <div
      class="ant-modal-root"
    >
      <div
        class="ant-modal-mask"
      />
      <div
        class="ant-modal-wrap"
        tabindex="-1"
      >
        <div
          aria-labelledby="test-id"
          aria-modal="true"
          class="ant-modal ant-modal-progress ant-zoom-appear ant-zoom-appear-prepare ant-zoom"
          role="dialog"
          style="width: 567px;"
        >
          <div
            style="outline: none;"
            tabindex="0"
          >
            <div
              class="ant-modal-content"
            >
              <button
                aria-label="Close"
                class="ant-modal-close"
                type="button"
              >
                <span
                  class="ant-modal-close-x"
                >
                  <span
                    aria-label="close"
                    class="anticon anticon-close ant-modal-close-icon"
                    role="img"
                  >
                    <svg
                      aria-hidden="true"
                      data-icon="close"
                      fill="currentColor"
                      fill-rule="evenodd"
                      focusable="false"
                      height="1em"
                      viewBox="64 64 896 896"
                      width="1em"
                    >
                      <path
                        d="M799.86 166.31c.02 0 .04.02.08.06l57.69 57.7c.04.03.05.05.06.08a.12.12 0 010 .06c0 .03-.02.05-.06.09L569.93 512l287.7 287.7c.04.04.05.06.06.09a.12.12 0 010 .07c0 .02-.02.04-.06.08l-57.7 57.69c-.03.04-.05.05-.07.06a.12.12 0 01-.07 0c-.03 0-.05-.02-.09-.06L512 569.93l-287.7 287.7c-.04.04-.06.05-.09.06a.12.12 0 01-.07 0c-.02 0-.04-.02-.08-.06l-57.69-57.7c-.04-.03-.05-.05-.06-.07a.12.12 0 010-.07c0-.03.02-.05.06-.09L454.07 512l-287.7-287.7c-.04-.04-.05-.06-.06-.09a.12.12 0 010-.07c0-.02.02-.04.06-.08l57.7-57.69c.03-.04.05-.05.07-.06a.12.12 0 01.07 0c.03 0 .05.02.09.06L512 454.07l287.7-287.7c.04-.04.06-.05.09-.06a.12.12 0 01.07 0z"
                      />
                    </svg>
                  </span>
                </span>
              </button>
              <div
                class="ant-modal-header"
              >
                <div
                  class="ant-modal-title"
                  id="test-id"
                >
                  This is title
                </div>
              </div>
              <div
                class="ant-modal-body"
              >
                <span
                  aria-label="loading"
                  class="anticon anticon-loading anticon-spin ant-modal-progress-loading"
                  role="img"
                >
                  <svg
                    aria-hidden="true"
                    data-icon="loading"
                    fill="currentColor"
                    focusable="false"
                    height="1em"
                    viewBox="0 0 1024 1024"
                    width="1em"
                  >
                    <path
                      d="M988 548c-19.9 0-36-16.1-36-36 0-59.4-11.6-117-34.6-171.3a440.45 440.45 0 00-94.3-139.9 437.71 437.71 0 00-139.9-94.3C629 83.6 571.4 72 512 72c-19.9 0-36-16.1-36-36s16.1-36 36-36c69.1 0 136.2 13.5 199.3 40.3C772.3 66 827 103 874 150c47 47 83.9 101.8 109.7 162.7 26.7 63.1 40.2 130.2 40.2 199.3.1 19.9-16 36-35.9 36z"
                    />
                  </svg>
                </span>
                <div
                  class="ant-modal-progress-description"
                >
                  This is description
                </div>
              </div>
            </div>
          </div>
          <div
            style="width: 0px; height: 0px; overflow: hidden; outline: none;"
            tabindex="0"
          />
        </div>
      </div>
    </div>
  </div>
</div>
`;

exports[`Modal.Progress > render with progress.percent 1`] = `
<div>
  <div>
    <div
      class="ant-modal-root"
    >
      <div
        class="ant-modal-mask"
      />
      <div
        class="ant-modal-wrap"
        tabindex="-1"
      >
        <div
          aria-labelledby="test-id"
          aria-modal="true"
          class="ant-modal ant-modal-progress ant-zoom-appear ant-zoom-appear-prepare ant-zoom"
          role="dialog"
          style="width: 567px;"
        >
          <div
            style="outline: none;"
            tabindex="0"
          >
            <div
              class="ant-modal-content"
            >
              <button
                aria-label="Close"
                class="ant-modal-close"
                type="button"
              >
                <span
                  class="ant-modal-close-x"
                >
                  <span
                    aria-label="close"
                    class="anticon anticon-close ant-modal-close-icon"
                    role="img"
                  >
                    <svg
                      aria-hidden="true"
                      data-icon="close"
                      fill="currentColor"
                      fill-rule="evenodd"
                      focusable="false"
                      height="1em"
                      viewBox="64 64 896 896"
                      width="1em"
                    >
                      <path
                        d="M799.86 166.31c.02 0 .04.02.08.06l57.69 57.7c.04.03.05.05.06.08a.12.12 0 010 .06c0 .03-.02.05-.06.09L569.93 512l287.7 287.7c.04.04.05.06.06.09a.12.12 0 010 .07c0 .02-.02.04-.06.08l-57.7 57.69c-.03.04-.05.05-.07.06a.12.12 0 01-.07 0c-.03 0-.05-.02-.09-.06L512 569.93l-287.7 287.7c-.04.04-.06.05-.09.06a.12.12 0 01-.07 0c-.02 0-.04-.02-.08-.06l-57.69-57.7c-.04-.03-.05-.05-.06-.07a.12.12 0 010-.07c0-.03.02-.05.06-.09L454.07 512l-287.7-287.7c-.04-.04-.05-.06-.06-.09a.12.12 0 010-.07c0-.02.02-.04.06-.08l57.7-57.69c.03-.04.05-.05.07-.06a.12.12 0 01.07 0c.03 0 .05.02.09.06L512 454.07l287.7-287.7c.04-.04.06-.05.09-.06a.12.12 0 01.07 0z"
                      />
                    </svg>
                  </span>
                </span>
              </button>
              <div
                class="ant-modal-header"
              >
                <div
                  class="ant-modal-title"
                  id="test-id"
                >
                  This is title
                </div>
              </div>
              <div
                class="ant-modal-body"
              >
                <div
                  aria-valuemax="100"
                  aria-valuemin="0"
                  aria-valuenow="60"
                  class="ant-progress ant-progress-status-normal ant-progress-circle ant-progress-show-info"
                  role="progressbar"
                >
                  <div
                    class="ant-progress-inner"
                    style="width: 200px; height: 200px; font-size: 36px;"
                  >
                    <svg
                      class="ant-progress-circle"
                      role="presentation"
                      viewBox="0 0 100 100"
                    >
                      <circle
                        class="ant-progress-circle-trail"
                        cx="50"
                        cy="50"
                        r="47"
                        stroke-linecap="round"
                        stroke-width="6"
                        style="stroke-dasharray: 295.3097094374406px 295.3097094374406; stroke-dashoffset: 0; transform: rotate(-90deg); transform-origin: 50px 50px; transition: stroke-dashoffset .3s ease 0s, stroke-dasharray .3s ease 0s, stroke .3s, stroke-width .06s ease .3s, opacity .3s ease 0s; fill-opacity: 0;"
                      />
                      <circle
                        class="ant-progress-circle-path"
                        cx="50"
                        cy="50"
                        opacity="1"
                        r="47"
                        stroke-linecap="round"
                        stroke-width="6"
                        style="stroke-dasharray: 295.3097094374406px 295.3097094374406; stroke-dashoffset: 121.12388377497624; transform: rotate(-90deg); transform-origin: 50px 50px; transition: stroke-dashoffset .3s ease 0s, stroke-dasharray .3s ease 0s, stroke .3s, stroke-width .06s ease .3s, opacity .3s ease 0s; fill-opacity: 0; transition-duration: 0s, 0s;"
                      />
                      <circle
                        class="ant-progress-circle-path"
                        cx="50"
                        cy="50"
                        opacity="0"
                        r="47"
                        stroke-linecap="round"
                        stroke-width="6"
                        style="stroke: #52C41A; stroke-dasharray: 295.3097094374406px 295.3097094374406; stroke-dashoffset: 295.2997094374406; transform: rotate(-90deg); transform-origin: 50px 50px; transition: stroke-dashoffset .3s ease 0s, stroke-dasharray .3s ease 0s, stroke .3s, stroke-width .06s ease .3s, opacity .3s ease 0s; fill-opacity: 0; transition-duration: 0s, 0s;"
                      />
                    </svg>
                    <span
                      class="ant-progress-text"
                      title="60%"
                    >
                      60%
                    </span>
                  </div>
                </div>
                <div
                  class="ant-modal-progress-description"
                >
                  This is description
                </div>
              </div>
            </div>
          </div>
          <div
            style="width: 0px; height: 0px; overflow: hidden; outline: none;"
            tabindex="0"
          />
        </div>
      </div>
    </div>
  </div>
</div>
`;

exports[`Modal.Progress > render with progress.status 1`] = `
<div>
  <div>
    <div
      class="ant-modal-root"
    >
      <div
        class="ant-modal-mask"
      />
      <div
        class="ant-modal-wrap"
        tabindex="-1"
      >
        <div
          aria-labelledby="test-id"
          aria-modal="true"
          class="ant-modal ant-modal-progress ant-zoom-appear ant-zoom-appear-prepare ant-zoom"
          role="dialog"
          style="width: 567px;"
        >
          <div
            style="outline: none;"
            tabindex="0"
          >
            <div
              class="ant-modal-content"
            >
              <button
                aria-label="Close"
                class="ant-modal-close"
                type="button"
              >
                <span
                  class="ant-modal-close-x"
                >
                  <span
                    aria-label="close"
                    class="anticon anticon-close ant-modal-close-icon"
                    role="img"
                  >
                    <svg
                      aria-hidden="true"
                      data-icon="close"
                      fill="currentColor"
                      fill-rule="evenodd"
                      focusable="false"
                      height="1em"
                      viewBox="64 64 896 896"
                      width="1em"
                    >
                      <path
                        d="M799.86 166.31c.02 0 .04.02.08.06l57.69 57.7c.04.03.05.05.06.08a.12.12 0 010 .06c0 .03-.02.05-.06.09L569.93 512l287.7 287.7c.04.04.05.06.06.09a.12.12 0 010 .07c0 .02-.02.04-.06.08l-57.7 57.69c-.03.04-.05.05-.07.06a.12.12 0 01-.07 0c-.03 0-.05-.02-.09-.06L512 569.93l-287.7 287.7c-.04.04-.06.05-.09.06a.12.12 0 01-.07 0c-.02 0-.04-.02-.08-.06l-57.69-57.7c-.04-.03-.05-.05-.06-.07a.12.12 0 010-.07c0-.03.02-.05.06-.09L454.07 512l-287.7-287.7c-.04-.04-.05-.06-.06-.09a.12.12 0 010-.07c0-.02.02-.04.06-.08l57.7-57.69c.03-.04.05-.05.07-.06a.12.12 0 01.07 0c.03 0 .05.02.09.06L512 454.07l287.7-287.7c.04-.04.06-.05.09-.06a.12.12 0 01.07 0z"
                      />
                    </svg>
                  </span>
                </span>
              </button>
              <div
                class="ant-modal-header"
              >
                <div
                  class="ant-modal-title"
                  id="test-id"
                >
                  This is title
                </div>
              </div>
              <div
                class="ant-modal-body"
              >
                <div
                  aria-valuemax="100"
                  aria-valuemin="0"
                  aria-valuenow="0"
                  class="ant-progress ant-progress-status-exception ant-progress-circle ant-progress-show-info"
                  role="progressbar"
                >
                  <div
                    class="ant-progress-inner"
                    style="width: 200px; height: 200px; font-size: 36px;"
                  >
                    <svg
                      class="ant-progress-circle"
                      role="presentation"
                      viewBox="0 0 100 100"
                    >
                      <circle
                        class="ant-progress-circle-trail"
                        cx="50"
                        cy="50"
                        r="47"
                        stroke-linecap="round"
                        stroke-width="6"
                        style="stroke-dasharray: 295.3097094374406px 295.3097094374406; stroke-dashoffset: 0; transform: rotate(-90deg); transform-origin: 50px 50px; transition: stroke-dashoffset .3s ease 0s, stroke-dasharray .3s ease 0s, stroke .3s, stroke-width .06s ease .3s, opacity .3s ease 0s; fill-opacity: 0;"
                      />
                      <circle
                        class="ant-progress-circle-path"
                        cx="50"
                        cy="50"
                        opacity="0"
                        r="47"
                        stroke-linecap="round"
                        stroke-width="6"
                        style="stroke-dasharray: 295.3097094374406px 295.3097094374406; stroke-dashoffset: 295.2997094374406; transform: rotate(-90deg); transform-origin: 50px 50px; transition: stroke-dashoffset .3s ease 0s, stroke-dasharray .3s ease 0s, stroke .3s, stroke-width .06s ease .3s, opacity .3s ease 0s; fill-opacity: 0; transition-duration: 0s, 0s;"
                      />
                      <circle
                        class="ant-progress-circle-path"
                        cx="50"
                        cy="50"
                        opacity="0"
                        r="47"
                        stroke-linecap="round"
                        stroke-width="6"
                        style="stroke: #52C41A; stroke-dasharray: 295.3097094374406px 295.3097094374406; stroke-dashoffset: 295.2997094374406; transform: rotate(-90deg); transform-origin: 50px 50px; transition: stroke-dashoffset .3s ease 0s, stroke-dasharray .3s ease 0s, stroke .3s, stroke-width .06s ease .3s, opacity .3s ease 0s; fill-opacity: 0; transition-duration: 0s, 0s;"
                      />
                    </svg>
                    <span
                      class="ant-progress-text"
                    >
                      <span
                        aria-label="close"
                        class="anticon anticon-close"
                        role="img"
                      >
                        <svg
                          aria-hidden="true"
                          data-icon="close"
                          fill="currentColor"
                          fill-rule="evenodd"
                          focusable="false"
                          height="1em"
                          viewBox="64 64 896 896"
                          width="1em"
                        >
                          <path
                            d="M799.86 166.31c.02 0 .04.02.08.06l57.69 57.7c.04.03.05.05.06.08a.12.12 0 010 .06c0 .03-.02.05-.06.09L569.93 512l287.7 287.7c.04.04.05.06.06.09a.12.12 0 010 .07c0 .02-.02.04-.06.08l-57.7 57.69c-.03.04-.05.05-.07.06a.12.12 0 01-.07 0c-.03 0-.05-.02-.09-.06L512 569.93l-287.7 287.7c-.04.04-.06.05-.09.06a.12.12 0 01-.07 0c-.02 0-.04-.02-.08-.06l-57.69-57.7c-.04-.03-.05-.05-.06-.07a.12.12 0 010-.07c0-.03.02-.05.06-.09L454.07 512l-287.7-287.7c-.04-.04-.05-.06-.06-.09a.12.12 0 010-.07c0-.02.02-.04.06-.08l57.7-57.69c.03-.04.05-.05.07-.06a.12.12 0 01.07 0c.03 0 .05.02.09.06L512 454.07l287.7-287.7c.04-.04.06-.05.09-.06a.12.12 0 01.07 0z"
                          />
                        </svg>
                      </span>
                    </span>
                  </div>
                </div>
                <div
                  class="ant-modal-progress-description"
                >
                  This is description
                </div>
              </div>
            </div>
          </div>
          <div
            style="width: 0px; height: 0px; overflow: hidden; outline: none;"
            tabindex="0"
          />
        </div>
      </div>
    </div>
  </div>
</div>
`;

exports[`Modal.Progress > render without description 1`] = `
<div>
  <div>
    <div
      class="ant-modal-root"
    >
      <div
        class="ant-modal-mask"
      />
      <div
        class="ant-modal-wrap"
        tabindex="-1"
      >
        <div
          aria-labelledby="test-id"
          aria-modal="true"
          class="ant-modal ant-modal-progress ant-zoom-appear ant-zoom-appear-prepare ant-zoom"
          role="dialog"
          style="width: 567px;"
        >
          <div
            style="outline: none;"
            tabindex="0"
          >
            <div
              class="ant-modal-content"
            >
              <button
                aria-label="Close"
                class="ant-modal-close"
                type="button"
              >
                <span
                  class="ant-modal-close-x"
                >
                  <span
                    aria-label="close"
                    class="anticon anticon-close ant-modal-close-icon"
                    role="img"
                  >
                    <svg
                      aria-hidden="true"
                      data-icon="close"
                      fill="currentColor"
                      fill-rule="evenodd"
                      focusable="false"
                      height="1em"
                      viewBox="64 64 896 896"
                      width="1em"
                    >
                      <path
                        d="M799.86 166.31c.02 0 .04.02.08.06l57.69 57.7c.04.03.05.05.06.08a.12.12 0 010 .06c0 .03-.02.05-.06.09L569.93 512l287.7 287.7c.04.04.05.06.06.09a.12.12 0 010 .07c0 .02-.02.04-.06.08l-57.7 57.69c-.03.04-.05.05-.07.06a.12.12 0 01-.07 0c-.03 0-.05-.02-.09-.06L512 569.93l-287.7 287.7c-.04.04-.06.05-.09.06a.12.12 0 01-.07 0c-.02 0-.04-.02-.08-.06l-57.69-57.7c-.04-.03-.05-.05-.06-.07a.12.12 0 010-.07c0-.03.02-.05.06-.09L454.07 512l-287.7-287.7c-.04-.04-.05-.06-.06-.09a.12.12 0 010-.07c0-.02.02-.04.06-.08l57.7-57.69c.03-.04.05-.05.07-.06a.12.12 0 01.07 0c.03 0 .05.02.09.06L512 454.07l287.7-287.7c.04-.04.06-.05.09-.06a.12.12 0 01.07 0z"
                      />
                    </svg>
                  </span>
                </span>
              </button>
              <div
                class="ant-modal-header"
              >
                <div
                  class="ant-modal-title"
                  id="test-id"
                >
                  This is title
                </div>
              </div>
              <div
                class="ant-modal-body"
              >
                <div
                  aria-valuemax="100"
                  aria-valuemin="0"
                  aria-valuenow="0"
                  class="ant-progress ant-progress-status-normal ant-progress-circle ant-progress-show-info"
                  role="progressbar"
                >
                  <div
                    class="ant-progress-inner"
                    style="width: 200px; height: 200px; font-size: 36px;"
                  >
                    <svg
                      class="ant-progress-circle"
                      role="presentation"
                      viewBox="0 0 100 100"
                    >
                      <circle
                        class="ant-progress-circle-trail"
                        cx="50"
                        cy="50"
                        r="47"
                        stroke-linecap="round"
                        stroke-width="6"
                        style="stroke-dasharray: 295.3097094374406px 295.3097094374406; stroke-dashoffset: 0; transform: rotate(-90deg); transform-origin: 50px 50px; transition: stroke-dashoffset .3s ease 0s, stroke-dasharray .3s ease 0s, stroke .3s, stroke-width .06s ease .3s, opacity .3s ease 0s; fill-opacity: 0;"
                      />
                      <circle
                        class="ant-progress-circle-path"
                        cx="50"
                        cy="50"
                        opacity="0"
                        r="47"
                        stroke-linecap="round"
                        stroke-width="6"
                        style="stroke-dasharray: 295.3097094374406px 295.3097094374406; stroke-dashoffset: 295.2997094374406; transform: rotate(-90deg); transform-origin: 50px 50px; transition: stroke-dashoffset .3s ease 0s, stroke-dasharray .3s ease 0s, stroke .3s, stroke-width .06s ease .3s, opacity .3s ease 0s; fill-opacity: 0; transition-duration: 0s, 0s;"
                      />
                      <circle
                        class="ant-progress-circle-path"
                        cx="50"
                        cy="50"
                        opacity="0"
                        r="47"
                        stroke-linecap="round"
                        stroke-width="6"
                        style="stroke: #52C41A; stroke-dasharray: 295.3097094374406px 295.3097094374406; stroke-dashoffset: 295.2997094374406; transform: rotate(-90deg); transform-origin: 50px 50px; transition: stroke-dashoffset .3s ease 0s, stroke-dasharray .3s ease 0s, stroke .3s, stroke-width .06s ease .3s, opacity .3s ease 0s; fill-opacity: 0; transition-duration: 0s, 0s;"
                      />
                    </svg>
                    <span
                      class="ant-progress-text"
                      title="0%"
                    >
                      0%
                    </span>
                  </div>
                </div>
              </div>
            </div>
          </div>
          <div
            style="width: 0px; height: 0px; overflow: hidden; outline: none;"
            tabindex="0"
          />
        </div>
      </div>
    </div>
  </div>
</div>
`;
