// Vitest Snapshot v1, https://vitest.dev/guide/snapshot.html

exports[`ConfigProvider styleProviderProps > ConfigProvider styleProviderProps.hashPriority 1`] = `<div />`;
