// Vitest Snapshot v1, https://vitest.dev/guide/snapshot.html

exports[`Badge > status custom icon 1`] = `
<span
  class="ant-badge ant-badge-status"
  style="display: inline-block;"
>
  <span
    class="ant-badge-status-icon ant-badge-status-success"
  >
    <span
      aria-label="taobao"
      class="anticon anticon-taobao"
      role="img"
    >
      <svg
        aria-hidden="true"
        data-icon="taobao"
        fill="currentColor"
        focusable="false"
        height="1em"
        viewBox="64 64 896 896"
        width="1em"
      >
        <path
          d="M168.5 273.7a68.7 68.7 0 10137.4 0 68.7 68.7 0 10-137.4 0zm730 79.2s-23.7-184.4-426.9-70.1c17.3-30 25.6-49.5 25.6-49.5L396.4 205s-40.6 132.6-113 194.4c0 0 70.1 40.6 69.4 39.4 20.1-20.1 38.2-40.6 53.7-60.4 16.1-7 31.5-13.6 46.7-19.8-18.6 33.5-48.7 83.8-78.8 115.6l42.4 37s28.8-27.7 60.4-61.2h36v61.8H372.9v49.5h140.3v118.5c-1.7 0-3.6 0-5.4-.2-15.4-.7-39.5-3.3-49-18.2-11.5-18.1-3-51.5-2.4-71.9h-97l-3.4 1.8s-35.5 159.1 102.3 155.5c129.1 3.6 203-36 238.6-63.1l14.2 52.6 79.6-33.2-53.9-131.9-64.6 20.1 12.1 45.2c-16.6 12.4-35.6 21.7-56.2 28.4V561.3h137.1v-49.5H628.1V450h137.6v-49.5H521.3c17.6-21.4 31.5-41.1 35-53.6l-42.5-11.6c182.8-65.5 284.5-54.2 283.6 53.2v282.8s10.8 97.1-100.4 90.1l-60.2-12.9-14.2 57.1S882.5 880 903.7 680.2c21.3-200-5.2-327.3-5.2-327.3zm-707.4 18.3l-45.4 69.7 83.6 52.1s56 28.5 29.4 81.9C233.8 625.5 112 736.3 112 736.3l109 68.1c75.4-163.7 70.5-142 89.5-200.7 19.5-60.1 23.7-105.9-9.4-139.1-42.4-42.6-47-46.6-110-93.4z"
        />
      </svg>
    </span>
  </span>
  <span
    class="ant-badge-status-text"
  >
    Success
  </span>
</span>
`;

exports[`Badge > status dot 1`] = `
<span
  class="ant-badge ant-badge-status ant-badge-not-a-wrapper"
>
  <span
    class="ant-badge-status-dot ant-badge-status-success"
  />
  <span
    class="ant-badge-status-text"
  >
    Success
  </span>
</span>
`;

exports[`Badge > status icon 1`] = `
<span
  class="ant-badge ant-badge-status"
  style="display: inline-block;"
>
  <span
    class="ant-badge-status-icon ant-badge-status-success"
  >
    <span
      aria-label="check-circle"
      class="anticon anticon-check-circle"
      role="img"
    >
      <svg
        aria-hidden="true"
        data-icon="check-circle"
        fill="currentColor"
        focusable="false"
        height="1em"
        viewBox="64 64 896 896"
        width="1em"
      >
        <path
          d="M512 64C264.6 64 64 264.6 64 512s200.6 448 448 448 448-200.6 448-448S759.4 64 512 64zm193.5 301.7l-210.6 292a31.8 31.8 0 01-51.7 0L318.5 484.9c-3.8-5.3 0-12.7 6.5-12.7h46.9c10.2 0 19.9 4.9 25.9 13.3l71.2 98.8 157.2-218c6-8.3 15.6-13.3 25.9-13.3H699c6.5 0 10.3 7.4 6.5 12.7z"
        />
      </svg>
    </span>
  </span>
  <span
    class="ant-badge-status-text"
  >
    Success
  </span>
</span>
`;
